// Jest Snapshot v1, https://goo.gl/fbAQLP

exports[`should render footer correctly 1`] = `
<Fragment>
  <footer
    className="footer"
  >
    <div
      className="content has-text-centered"
    >
      <div
        className="columns"
      >
        <div
          className="column is-offset-one-quarter is-half"
        />
      </div>
      <p>
        <a
          href="https://twitter.com/ylv_io"
          rel="noopener noreferrer"
          target="_blank"
        >
          Twitter
        </a>
        <span>
           | 
        </span>
        <a
          href="https://medium.com/@ylv"
          rel="noopener noreferrer"
          target="_blank"
        >
          Medium 
        </a>
        <span>
           | 
        </span>
        <a
          href="https://github.com/ylv-io/coinpledge"
          rel="noopener noreferrer"
          target="_blank"
        >
          Github
        </a>
        <span>
           | 
        </span>
        <a
          href="https://t.me/ylv_public"
          rel="noopener noreferrer"
          target="_blank"
        >
          Telegram
        </a>
        <span>
           | 
        </span>
        <a
          href="https://etherscan.io/address/0x896F11b2628208e09BD5CFdD0C4f7C28C0349d61"
          rel="noopener noreferrer"
          target="_blank"
        >
          Etherscan
        </a>
        <span>
           | 
        </span>
        <a
          href="https://www.stateofthedapps.com/dapps/coinpledge"
          rel="noopener noreferrer"
          target="_blank"
        >
          State of dApps
        </a>
      </p>
      <p>
        <span>
          Built by 
        </span>
        <a
          href="https://ylv.io/"
        >
          Igor Yalovoy
        </a>
      </p>
    </div>
  </footer>
</Fragment>
`;
